C251 COMPILER V5.60.0,  main                                                               21/06/24  14:37:53  PAGE 1   


C251 COMPILER V5.60.0, COMPILATION OF MODULE main
OBJECT MODULE PLACED IN .\Out_File\main.obj
COMPILER INVOKED BY: D:\keil5\keil5_MDK\keil5_MDK_32\C251\BIN\C251.EXE ..\USER\src\main.c XSMALL INTR2 WARNINGLEVEL(3) B
                    -ROWSE INCDIR(..\..\Libraries\libraries;..\..\Libraries\seekfree_libraries;..\..\Libraries\seekfree_peripheral;..\CODE;..
                    -\USER\inc;..\USER\src) DEBUG PRINT(.\Out_File\main.lst) OBJECT(.\Out_File\main.obj) 

stmt  level    source

    1          #include "headfile.h"
    2          #include "Motor.h"
    3          #include "ADC.h"
    4          #include "MPU6050.h"
    5          #include "Element.h"
    6          #include "ADC.h"
    7          #include "math.h"
    8          #include "TOF.h"
    9          #include "Buzzer.h"
   10          #include "Key.h"
   11          #include "ui.h"
   12          #include "isr.h"
   13          
   14          #define FILTER_N            12
   15          
   16          float Dis_Process = 0;
   17          float Adjust_Val = 0;
   18          char KeyValue = 0;      
   19          
   20          void Init_all(void);
   21          void Get_Ratio(void);
   22          void Speed_Gain(void);
   23          
   24          uint16 Filter_Window(uint16 Dis) 
   25          {
   26   1          static uint16 filter_buf[FILTER_N + 1];
   27   1          int i;    
   28   1          uint16 filter_sum = 0;
   29   1          filter_buf[FILTER_N] = Dis;
   30   1          for(i = 0; i < FILTER_N; i++) 
   31   1          {
   32   2              filter_buf[i] = filter_buf[i + 1]; // 所有数据左移，低位仍掉
   33   2              filter_sum += filter_buf[i];
   34   2          }
   35   1          return (uint16)(filter_sum / FILTER_N);
   36   1      }
   37          
   38          void main(void)   
   39          {
   40   1              Init_all();
   41   1              EnableGlobalIRQ();      
   42   1              Adjust_Val = 0;
   43   1              while(1)
   44   1              {       
   45   2                      printf("%.2f,%.2f,%.2f,%.2f,%.2f,%.2f\r\n",Exp_Speed_gain ,Circle_Flag1,Circle_Flag2,ADC_proc[2],Ratio,
             -Dis_Process);
   46   2      /******************************************** 按键读值***********************************************
             -***********************/       
   47   2                      ui_show();
   48   2                      KeyValue = GetKey_Value(0);
   49   2                      if              (KeyValue == KEY2_PRES)         {page++; if(page >= 3)  page = 3;oled_all_static_state();}              
   50   2                      else if (KeyValue == KEY3_PRES)         {page--; if(page <= 0)  page = 0;oled_all_static_state();}                      
   51   2                      else if (KeyValue == KEY0_PRES)         Adjust_Val += 0.05;
   52   2                      else if (KeyValue == KEY1_PRES)         Adjust_Val -= 0.05;
   53   2              
   54   2      /******************************************** 类似中断服务处理 **********************************
             -****************************/ 
C251 COMPILER V5.60.0,  main                                                               21/06/24  14:37:53  PAGE 2   

   55   2                      if(Isr_Flag_10 == 1)
   56   2                      {
   57   3                              MPU6050_Refresh_DMP();                          //读取角度值
   58   3                              MPU_Get_Gyroscope(&gx, &gy, &gz);       //读取角速度
   59   3      //            vl53l0x_get_distance();             //距离测量
   60   3                  if(vl53l0x_finsh_flag == 1)         //一次测距有效
   61   3                  {
   62   4                      Dis_Process = Filter_Window(vl53l0x_distance_mm);
   63   4                  }
   64   3      //            if(Dis_Process <= 100)           //幅值滤波（TOF读值会莫名跳变）
   65   3      //                Dis_Process = 810;
   66   3                  Speed_Gain();
   67   3      /************************************************ 上下坡道 ******************************************
             -**/
   68   3                  Elem_Up_Down(Pitch);
   69   3      //############如果下坡连着急弯###########只能注释不可删除
   70   3      //            if(Down_Flag>0)
   71   3      //            {
   72   3      //                Down_Flag--;
   73   3      //                Exp_Speed = 60;
   74   3      //            }
   75   3      //            else
   76   3      //                Down_Flag=0;
   77   3      
   78   3      /************************************************ 大弯丢线 ******************************************
             -**/                 
   79   3          if(Flag_Out_L == 1 && (--Edge_Delay) > 0 )   //-- Edge_Delay 保证清零时不会再进判断
   80   3              {
   81   4                  Exp_Speed = 20;
   82   4                 // x10_ms = 15;                            //蜂鸣器响提示丢线
   83   4                  Ratio = 0.5+(Speed_R/Exp_Speed)*0.15;       
   84   4              }
   85   3              else if(Flag_Out_R == 1 && (--Edge_Delay) > 0)
   86   3              {
   87   4                  Exp_Speed = 20;
   88   4                 // x10_ms = 15;
   89   4                  Ratio = -0.5-(Speed_L/Exp_Speed)*0.15;      
   90   4              }
   91   3              else
   92   3                  Edge_Delay = 0; 
   93   3              
   94   3              Isr_Flag_10 = 0;
   95   3              }
   96   2              }               
   97   1      }
   98          
   99          void Speed_Gain(void)
  100          {
  101   1          int i = 0;
  102   1          static float Speed_Buf[6] = {0};
  103   1          Speed_Buf[5] = (Speed_L+Speed_R)/2;     //取车的平均速度
  104   1          for(i ; i < 5; i++) 
  105   1          {
  106   2              Speed_Buf[i] = Speed_Buf[i + 1]; // 所有数据左移，低位仍掉
  107   2              Sum_Dis += Speed_Buf[i];
  108   2          }
  109   1          if(Sum_Dis <= SUM_THRESHOLD)    // 5次之内积分值高于SUM_THRESHOLD则是直线
  110   1          {
  111   2              Sum_Dis = 0;
  112   2              Exp_Speed_gain = 0.8;
  113   2          }
  114   1          else
  115   1          {
  116   2              Sum_Dis = 0;
  117   2              Exp_Speed_gain = 1.0;
  118   2          }
C251 COMPILER V5.60.0,  main                                                               21/06/24  14:37:53  PAGE 3   

  119   1      }
  120          
  121          
  122          
  123          void Init_all(void)
  124          {
  125   1              WTST = 0;                                                
  126   1              DisableGlobalIRQ();                             
  127   1              sys_clk = 35000000;                             
  128   1      
  129   1              board_init();                                   
  130   1      
  131   1      ////编码器方向引脚初始化
  132   1              gpio_mode(P5_3, GPIO);          
  133   1              gpio_mode(P3_5, GPIO);  
  134   1              
  135   1      ////按键引脚初始化
  136   1              Key_Init();
  137   1              
  138   1      ////测距模块初始化
  139   1              //gpio_mode(P3_2, GPIO);
  140   1          vl53l0x_init();
  141   1      ////OLED初始化
  142   1              ui_init();                                      
  143   1              
  144   1      ////MPU6050初始化
  145   1              MPU6050_DMP_Init();     
  146   1      //      
  147   1      ////定时器初始化
  148   1              pit_timer_ms(TIM_4, 10);                //10ms定时器
  149   1      //      
  150   1      ////编码器初始化
  151   1              ctimer_count_init(CTIM0_P34);   //编码器1计数
  152   1              ctimer_count_init(CTIM3_P04);   //编码器2计数
  153   1              
  154   1      ////电机初始化
  155   1              Motor_Init();
  156   1              
  157   1      ////蜂鸣器初始化
  158   1               Buzzer_Init();
  159   1              
  160   1      ////初始化所有AD引脚
  161   1              ADC_InitAll(); 
  162   1              
  163   1          ////pid初始化  PID_Init(结构体, KPa,Kpb, KI, KD, 输出限幅，积分限幅)
  164   1              PID_Init(&Turn_PID , 0,-2, 0, 0 ,10000, 0);
  165   1              
  166   1          // PID_Incremental_Init(PID_Incremental *pid, float Kp, float Ki, float Kd,float Out_Limit, float Int
             -egral_Limit,uint8 use_lowpass_filter)
  167   1          PID_Incremental_Init(&Left_Wheel ,58,3.9,0.1,9000,3000,1);//48
  168   1          PID_Incremental_Init(&Right_Wheel,58,3.9,0.1,9000,3000,1);//48
  169   1          
  170   1      //    PID_Incremental_Init(&Left_Wheel ,58,3.9,0.1,9000,3000,1);//48
  171   1      //    PID_Incremental_Init(&Right_Wheel,58,3.9,0.1,9000,3000,1);//48
  172   1              
  173   1      } 


Module Information          Static   Overlayable
------------------------------------------------
  code size            =       841     ------
  ecode size           =    ------     ------
  data size            =    ------     ------
  idata size           =    ------     ------
  pdata size           =    ------     ------
  xdata size           =    ------     ------
  xdata-const size     =    ------     ------
C251 COMPILER V5.60.0,  main                                                               21/06/24  14:37:53  PAGE 4   

  edata size           =        59     ------
  bit size             =    ------     ------
  ebit size            =    ------     ------
  bitaddressable size  =    ------     ------
  ebitaddressable size =    ------     ------
  far data size        =    ------     ------
  huge data size       =    ------     ------
  const size           =    ------     ------
  hconst size          =        81     ------
End of Module Information.


C251 COMPILATION COMPLETE.  0 WARNING(S),  0 ERROR(S)
